// Jest Snapshot v1, https://goo.gl/fbAQLP

exports[`Storyshots Menu default 1`] = `
<header
  className="MuiPaper-root-10 MuiPaper-shadow4-16 MuiAppBar-root-2 MuiAppBar-positionFixed-3 MuiAppBar-colorPrimary-8 mui-fixed"
>
  <div
    className="MuiToolbar-root-37 MuiToolbar-gutters-38"
  >
    <h2
      className="MuiTypography-root-39 MuiTypography-title-45 MuiTypography-colorInherit-58 Menu-flex-1"
    >
      Urlaubsplaner
    </h2>
    <div>
      <button
        className="MuiButtonBase-root-69 MuiIconButton-root-63 MuiIconButton-colorInherit-64"
        disabled={false}
        onBlur={[Function]}
        onClick={[Function]}
        onFocus={[Function]}
        onKeyDown={[Function]}
        onKeyUp={[Function]}
        onMouseDown={[Function]}
        onMouseLeave={[Function]}
        onMouseUp={[Function]}
        onTouchEnd={[Function]}
        onTouchMove={[Function]}
        onTouchStart={[Function]}
        tabIndex="0"
        type="button"
      >
        <span
          className="MuiIconButton-label-68"
        >
          <svg
            aria-hidden="true"
            className="MuiSvgIcon-root-71 MuiSvgIcon-fontSize-77"
            color={undefined}
            focusable="false"
            viewBox="0 0 24 24"
          >
            <path
              d="M9 16.2L4.8 12l-1.4 1.4L9 19 21 7l-1.4-1.4L9 16.2z"
            />
          </svg>
        </span>
        <span
          className="MuiTouchRipple-root-78"
        />
      </button>
      <button
        className="MuiButtonBase-root-69 MuiIconButton-root-63 MuiIconButton-colorInherit-64"
        disabled={false}
        onBlur={[Function]}
        onClick={[Function]}
        onFocus={[Function]}
        onKeyDown={[Function]}
        onKeyUp={[Function]}
        onMouseDown={[Function]}
        onMouseLeave={[Function]}
        onMouseUp={[Function]}
        onTouchEnd={[Function]}
        onTouchMove={[Function]}
        onTouchStart={[Function]}
        tabIndex="0"
        type="button"
      >
        <span
          className="MuiIconButton-label-68"
        >
          <svg
            aria-hidden="true"
            className="MuiSvgIcon-root-71 MuiSvgIcon-fontSize-77"
            color={undefined}
            focusable="false"
            viewBox="0 0 24 24"
          >
            <path
              d="M9 11.75c-.69 0-1.25.56-1.25 1.25s.56 1.25 1.25 1.25 1.25-.56 1.25-1.25-.56-1.25-1.25-1.25zm6 0c-.69 0-1.25.56-1.25 1.25s.56 1.25 1.25 1.25 1.25-.56 1.25-1.25-.56-1.25-1.25-1.25zM12 2C6.48 2 2 6.48 2 12s4.48 10 10 10 10-4.48 10-10S17.52 2 12 2zm0 18c-4.41 0-8-3.59-8-8 0-.29.02-.58.05-.86 2.36-1.05 4.23-2.98 5.21-5.37C11.07 8.33 14.05 10 17.42 10c.78 0 1.53-.09 2.25-.26.21.71.33 1.47.33 2.26 0 4.41-3.59 8-8 8z"
            />
          </svg>
        </span>
        <span
          className="MuiTouchRipple-root-78"
        />
      </button>
      <button
        className="MuiButtonBase-root-69 MuiIconButton-root-63 MuiIconButton-colorInherit-64"
        disabled={false}
        onBlur={[Function]}
        onClick={[Function]}
        onFocus={[Function]}
        onKeyDown={[Function]}
        onKeyUp={[Function]}
        onMouseDown={[Function]}
        onMouseLeave={[Function]}
        onMouseUp={[Function]}
        onTouchEnd={[Function]}
        onTouchMove={[Function]}
        onTouchStart={[Function]}
        tabIndex="0"
        type="button"
      >
        <span
          className="MuiIconButton-label-68"
        >
          <svg
            aria-hidden="true"
            className="MuiSvgIcon-root-71 MuiSvgIcon-fontSize-77"
            color={undefined}
            focusable="false"
            viewBox="0 0 24 24"
          >
            <path
              d="M13.127 14.56l1.43-1.43 6.44 6.443L19.57 21zm4.293-5.73l2.86-2.86c-3.95-3.95-10.35-3.96-14.3-.02 3.93-1.3 8.31-.25 11.44 2.88zM5.95 5.98c-3.94 3.95-3.93 10.35.02 14.3l2.86-2.86C5.7 14.29 4.65 9.91 5.95 5.98zm.02-.02l-.01.01c-.38 3.01 1.17 6.88 4.3 10.02l5.73-5.73c-3.13-3.13-7.01-4.68-10.02-4.3z"
            />
          </svg>
        </span>
        <span
          className="MuiTouchRipple-root-78"
        />
      </button>
    </div>
  </div>
</header>
`;
